// Jest Snapshot v1, https://goo.gl/fbAQLP

exports[`correctly increments the counter 1`] = `ShallowWrapper {}`;

exports[`renders without crashing 1`] = `ShallowWrapper {}`;
